// Jest Snapshot v1, https://goo.gl/fbAQLP

exports[`<HomePage /> should render HomePage properly 1`] = `ShallowWrapper {}`;
