// Jest Snapshot v1, https://goo.gl/fbAQLP

exports[`<ItemPage /> should render ItemPage properly  1`] = `ShallowWrapper {}`;
