// Jest Snapshot v1, https://goo.gl/fbAQLP

exports[`<Item /> should render Item properly 1`] = `ShallowWrapper {}`;
