// Jest Snapshot v1, https://goo.gl/fbAQLP

exports[`<NotFoundPage /> should render NotFoundPage properly 1`] = `ShallowWrapper {}`;
